<html>
<body>
<pre>
<h1>礦ision Build Log</h1>
<h2>Tool Versions:</h2>
IDE-Version: μVision V5.28.0.0
Copyright (C) 2019 ARM Ltd and ARM Germany GmbH. All rights reserved.
License Information: 1 1, 1, LIC=7YKQD-8YUUX-8X0UZ-JY79T-S84H8-MQFFF
 
Tool Versions:
Toolchain:       MDK-ARM Professional  Version: 5.28.0.0
Toolchain Path:  F:\Keli5 MDK\ARM\ARMCC\Bin
C Compiler:      Armcc.exe V5.06 update 6 (build 750)
Assembler:       Armasm.exe V5.06 update 6 (build 750)
Linker/Locator:  ArmLink.exe V5.06 update 6 (build 750)
Library Manager: ArmAr.exe V5.06 update 6 (build 750)
Hex Converter:   FromElf.exe V5.06 update 6 (build 750)
CPU DLL:         SARMCM3.DLL V5.28.0.0
Dialog DLL:      DCM.DLL V1.17.3.0
Target DLL:      CMSIS_AGDI.dll V1.31.18.0
Dialog DLL:      TCM.DLL V1.36.2.0
 
<h2>Project:</h2>
F:\Library\控制类项目\多功能播放器\project\multifunctional_mp4\MDK-ARM\multifunctional mp4.uvprojx
Project File Date:  10/24/2025

<h2>Output:</h2>
*** Using Compiler 'V5.06 update 6 (build 750)', folder: 'F:\Keli5 MDK\ARM\ARMCC\Bin'
Build target 'my_f407rtos'
compiling lv_port_disp.c...
..\Middlewares\Third_Party\LVGL\lvgl\examples\porting\lv_port_disp.c(23): warning:  #1215-D: #warning directive: Please define or replace the macro MY_DISP_HOR_RES with the actual screen width, default value 320 is used for now.
      #warning Please define or replace the macro MY_DISP_HOR_RES with the actual screen width, default value 320 is used for now.
..\Middlewares\Third_Party\LVGL\lvgl\examples\porting\lv_port_disp.c(28): warning:  #1215-D: #warning directive: Please define or replace the macro MY_DISP_HOR_RES with the actual screen height, default value 240 is used for now.
      #warning Please define or replace the macro MY_DISP_HOR_RES with the actual screen height, default value 240 is used for now.
..\Middlewares\Third_Party\LVGL\lvgl\examples\porting\lv_port_disp.c: 2 warnings, 0 errors
linking...
Program Size: Code=218180 RO-data=207856 RW-data=904 ZI-data=322952  
FromELF: creating hex file...
"my_f407rtos\my_f407rtos.axf" - 0 Error(s), 2 Warning(s).

<h2>Software Packages used:</h2>

Package Vendor: ARM
                http://www.keil.com/pack/ARM.CMSIS.5.5.1.pack
                ARM.CMSIS.5.5.1
                CMSIS (Cortex Microcontroller Software Interface Standard)
   * Component: CORE Version: 5.2.0

Package Vendor: Keil
                https://www.keil.com/pack/Keil.STM32F4xx_DFP.2.17.1.pack
                Keil.STM32F4xx_DFP.2.17.1
                STMicroelectronics STM32F4 Series Device Support, Drivers and Examples

<h2>Collection of Component include folders:</h2>
  .\RTE\_my_f407rtos
  F:\Keli5 MDK\Pack\ARM\CMSIS\5.5.1\CMSIS\Core\Include
  F:\Keli5 MDK\Pack\Keil\STM32F4xx_DFP\2.17.1\Drivers\CMSIS\Device\ST\STM32F4xx\Include

<h2>Collection of Component Files used:</h2>

   * Component: ARM::CMSIS:CORE:5.2.0
Build Time Elapsed:  00:00:07
</pre>
</body>
</html>
